 59.1 
>  message  <
>house<
>houses<
>3.14<
FINAL
 59.1 
