 0       0 
 99      99 
 0       0 
 0       0 
><
HELLO
><><
Fred Smith is 141!
 -33     99      0 
