 1  2  3  4  5  6  7  8  9  10 
 1  2  3  4  5  6  7  8  9  10 
 1       2       3       4      
 2       4       6       8      
 3       6       9       12     
 4       8       12      16     
 5       10      15      20     
 1  2  3  1  2  3  1  2  3  1  2  3 
( 1 , 1 )( 2 , 1 )( 3 , 1 )
( 1 , 2 )( 2 , 2 )( 3 , 2 )
( 1 , 3 )( 2 , 3 )( 3 , 3 )
( 1 , 4 )( 2 , 4 )( 3 , 4 )
