IT IS SO ROUTINE
IT IS SO ROUTINE
IT IS SO ROUTINE
OUTER BEGIN
INNER
OUTER END
