 13      59 
 -7      22 
 -7      22 
 13      59 
