><
>HELLO THERE<
HELLO THERE! HELLO THERE!
><
>HELLO<
>HELLO THERE<
><
>THERE<
>HELLO THERE<
>LO THE<
><
>LO THERE<
>E<
 11 
3.1416   6 
 2719 
*** 65  97 
